// Jest Snapshot v1, https://goo.gl/fbAQLP

exports[`CustomButton Rendering should match to snapshot 1`] = `ShallowWrapper {}`;
