// Jest Snapshot v1, https://goo.gl/fbAQLP

exports[`Rendering Should match snapshot: Flat List Item Snapshot 1`] = `ShallowWrapper {}`;
